To honour the JVM settings for this build a single-use Daemon process will be forked. For more on this, please refer to https://docs.gradle.org/8.14.5/userguide/gradle_daemon.html#sec:disabling_the_daemon in the Gradle documentation.
Daemon will be stopped at the end of the build 
Reusing configuration cache.
> Task :app:preBuild UP-TO-DATE
> Task :app:checkKotlinGradlePluginConfigurationErrors SKIPPED
> Task :app:preDebugBuild UP-TO-DATE
> Task :app:mergeDebugNativeDebugMetadata NO-SOURCE
> Task :app:writeDebugAppMetadata UP-TO-DATE
> Task :app:generateDebugBuildConfig UP-TO-DATE
> Task :app:createDebugCompatibleScreenManifests UP-TO-DATE
> Task :app:generateDebugResValues UP-TO-DATE
> Task :app:writeDebugSigningConfigVersions UP-TO-DATE
> Task :app:javaPreCompileDebug UP-TO-DATE
> Task :app:mergeDebugJniLibFolders UP-TO-DATE
> Task :app:validateSigningDebug UP-TO-DATE
> Task :app:mergeDebugShaders UP-TO-DATE
> Task :app:processDebugGoogleServices UP-TO-DATE
> Task :app:injectCrashlyticsMappingFileIdDebug UP-TO-DATE
> Task :app:desugarDebugFileDependencies UP-TO-DATE
> Task :app:generateDebugResources UP-TO-DATE
> Task :app:extractDeepLinksDebug UP-TO-DATE
> Task :app:compileDebugShaders NO-SOURCE
> Task :app:packageDebugResources UP-TO-DATE
> Task :app:generateDebugAssets UP-TO-DATE
> Task :app:mergeDebugAssets UP-TO-DATE
> Task :app:mapDebugSourceSetPaths UP-TO-DATE
> Task :app:processDebugNavigationResources UP-TO-DATE
> Task :app:mergeDebugResources UP-TO-DATE
> Task :app:checkDebugAarMetadata UP-TO-DATE
> Task :app:checkDebugDuplicateClasses UP-TO-DATE
> Task :app:compileDebugNavigationResources UP-TO-DATE
> Task :app:compressDebugAssets UP-TO-DATE
> Task :app:parseDebugLocalResources UP-TO-DATE
> Task :app:mergeDebugNativeLibs UP-TO-DATE
> Task :app:stripDebugDebugSymbols UP-TO-DATE
> Task :app:mergeLibDexDebug UP-TO-DATE
> Task :app:mergeExtDexDebug UP-TO-DATE
> Task :app:processDebugMainManifest
> Task :app:processDebugManifest
> Task :app:processDebugManifestForPackage
> Task :app:processDebugResources
> Task :app:kspDebugKotlin

> Task :app:compileDebugKotlin
w: file:///C:/Users/chaud/.gemini/antigravity/scratch/curex/app/src/main/java/com/curex/app/core/ui/components/CureXTopBar.kt:46:53 'val Icons.Filled.ArrowBack: ImageVector' is deprecated. Use the AutoMirrored version at Icons.AutoMirrored.Filled.ArrowBack.
w: file:///C:/Users/chaud/.gemini/antigravity/scratch/curex/app/src/main/java/com/curex/app/feature/ai/AiAssistantScreen.kt:40:44 'val Icons.Filled.ArrowBack: ImageVector' is deprecated. Use the AutoMirrored version at Icons.AutoMirrored.Filled.ArrowBack.
w: file:///C:/Users/chaud/.gemini/antigravity/scratch/curex/app/src/main/java/com/curex/app/feature/ai/AiAssistantScreen.kt:184:35 'val Icons.Filled.Send: ImageVector' is deprecated. Use the AutoMirrored version at Icons.AutoMirrored.Filled.Send.
w: file:///C:/Users/chaud/.gemini/antigravity/scratch/curex/app/src/main/java/com/curex/app/feature/auth/PatientAuthScreen.kt:63:36 'fun Indicator(modifier: Modifier = ..., height: Dp = ..., color: Color = ...): Unit' is deprecated. Use SecondaryIndicator instead.
w: file:///C:/Users/chaud/.gemini/antigravity/scratch/curex/app/src/main/java/com/curex/app/feature/auth/PatientAuthScreen.kt:119:21 Check for instance is always 'false'.
w: file:///C:/Users/chaud/.gemini/antigravity/scratch/curex/app/src/main/java/com/curex/app/feature/auth/PatientOnboardingScreen.kt:38:13 'fun LinearProgressIndicator(progress: Float, modifier: Modifier = ..., color: Color = ..., trackColor: Color = ..., strokeCap: StrokeCap = ...): Unit' is deprecated. Use the overload that takes `progress` as a lambda.
w: file:///C:/Users/chaud/.gemini/antigravity/scratch/curex/app/src/main/java/com/curex/app/feature/management/doctor/DoctorDashboardScreen.kt:190:40 'val Icons.Filled.Assignment: ImageVector' is deprecated. Use the AutoMirrored version at Icons.AutoMirrored.Filled.Assignment.
w: file:///C:/Users/chaud/.gemini/antigravity/scratch/curex/app/src/main/java/com/curex/app/feature/management/operations/OperationsCommandScreen.kt:93:38 'val Icons.Filled.TrendingUp: ImageVector' is deprecated. Use the AutoMirrored version at Icons.AutoMirrored.Filled.TrendingUp.
w: file:///C:/Users/chaud/.gemini/antigravity/scratch/curex/app/src/main/java/com/curex/app/feature/patient/appointment/AppointmentDetailScreen.kt:62:24 'fun Divider(modifier: Modifier = ..., thickness: Dp = ..., color: Color = ...): Unit' is deprecated. Renamed to HorizontalDivider.
w: file:///C:/Users/chaud/.gemini/antigravity/scratch/curex/app/src/main/java/com/curex/app/feature/patient/diagnostic/DiagnosticBookingScreen.kt:43:44 'val Icons.Filled.ArrowBack: ImageVector' is deprecated. Use the AutoMirrored version at Icons.AutoMirrored.Filled.ArrowBack.
w: file:///C:/Users/chaud/.gemini/antigravity/scratch/curex/app/src/main/java/com/curex/app/feature/patient/diagnostic/DiagnosticHomeScreen.kt:40:44 'val Icons.Filled.ArrowBack: ImageVector' is deprecated. Use the AutoMirrored version at Icons.AutoMirrored.Filled.ArrowBack.
w: file:///C:/Users/chaud/.gemini/antigravity/scratch/curex/app/src/main/java/com/curex/app/feature/patient/emergency/EmergencyStatusScreen.kt:24:79 'val Icons.Filled.ArrowBack: ImageVector' is deprecated. Use the AutoMirrored version at Icons.AutoMirrored.Filled.ArrowBack.
w: file:///C:/Users/chaud/.gemini/antigravity/scratch/curex/app/src/main/java/com/curex/app/feature/patient/home/LocationSelectionScreen.kt:36:43 'val Icons.Filled.ArrowBack: ImageVector' is deprecated. Use the AutoMirrored version at Icons.AutoMirrored.Filled.ArrowBack.
w: file:///C:/Users/chaud/.gemini/antigravity/scratch/curex/app/src/main/java/com/curex/app/feature/patient/insurance/InsuranceClaimDetailScreen.kt:23:79 'val Icons.Filled.ArrowBack: ImageVector' is deprecated. Use the AutoMirrored version at Icons.AutoMirrored.Filled.ArrowBack.
w: file:///C:/Users/chaud/.gemini/antigravity/scratch/curex/app/src/main/java/com/curex/app/feature/patient/insurance/InsuranceHomeScreen.kt:26:79 'val Icons.Filled.ArrowBack: ImageVector' is deprecated. Use the AutoMirrored version at Icons.AutoMirrored.Filled.ArrowBack.
w: file:///C:/Users/chaud/.gemini/antigravity/scratch/curex/app/src/main/java/com/curex/app/feature/patient/payments/PaymentHistoryScreen.kt:56:44 'val Icons.Filled.ArrowBack: ImageVector' is deprecated. Use the AutoMirrored version at Icons.AutoMirrored.Filled.ArrowBack.
w: file:///C:/Users/chaud/.gemini/antigravity/scratch/curex/app/src/main/java/com/curex/app/feature/patient/pharmacy/MedicineOrderScreen.kt:42:44 'val Icons.Filled.ArrowBack: ImageVector' is deprecated. Use the AutoMirrored version at Icons.AutoMirrored.Filled.ArrowBack.
w: file:///C:/Users/chaud/.gemini/antigravity/scratch/curex/app/src/main/java/com/curex/app/feature/patient/pharmacy/MedicineSearchScreen.kt:62:44 'val Icons.Filled.ArrowBack: ImageVector' is deprecated. Use the AutoMirrored version at Icons.AutoMirrored.Filled.ArrowBack.
w: file:///C:/Users/chaud/.gemini/antigravity/scratch/curex/app/src/main/java/com/curex/app/feature/patient/pharmacy/OrderTrackingScreen.kt:35:44 'val Icons.Filled.ArrowBack: ImageVector' is deprecated. Use the AutoMirrored version at Icons.AutoMirrored.Filled.ArrowBack.
w: file:///C:/Users/chaud/.gemini/antigravity/scratch/curex/app/src/main/java/com/curex/app/feature/patient/pharmacy/PharmacyHomeScreen.kt:44:44 'val Icons.Filled.ArrowBack: ImageVector' is deprecated. Use the AutoMirrored version at Icons.AutoMirrored.Filled.ArrowBack.
w: file:///C:/Users/chaud/.gemini/antigravity/scratch/curex/app/src/main/java/com/curex/app/feature/patient/profile/FamilyMembersScreen.kt:37:44 'val Icons.Filled.ArrowBack: ImageVector' is deprecated. Use the AutoMirrored version at Icons.AutoMirrored.Filled.ArrowBack.

> Task :app:compileDebugJavaWithJavac
> Task :app:hiltAggregateDepsDebug UP-TO-DATE
> Task :app:hiltJavaCompileDebug
> Task :app:processDebugJavaRes UP-TO-DATE
> Task :app:mergeDebugJavaResource UP-TO-DATE
> Task :app:transformDebugClassesWithAsm
> Task :app:dexBuilderDebug
> Task :app:mergeDebugGlobalSynthetics UP-TO-DATE
> Task :app:mergeProjectDexDebug
> Task :app:packageDebug
> Task :app:assembleDebug
> Task :app:createDebugApkListingFileRedirect

BUILD SUCCESSFUL in 38s
45 actionable tasks: 13 executed, 32 up-to-date
Configuration cache entry reused.
